[u586962203@id-dci-web850 simulasipak]$ composer install
You are using Composer 1 which is deprecated. You should upgrade to Composer 2, see https://blog.packagist.com/deprecating-composer-1-support/
Loading composer repositories with package information
Installing dependencies (including require-dev) from lock file
Your requirements could not be resolved to an installable set of packages.

  Problem 1
    - Installation request for laravel/framework v10.13.1 -> satisfiable by laravel/framework[v10.13.1].
    - laravel/framework v10.13.1 requires composer-runtime-api ^2.2 -> no matching package found.
  Problem 2
    - laravel/framework v10.13.1 requires composer-runtime-api ^2.2 -> no matching package found.
    - spatie/laravel-ignition 2.1.3 requires illuminate/support ^10.0 -> satisfiable by laravel/framework[v10.13.1].
    - Installation request for spatie/laravel-ignition 2.1.3 -> satisfiable by spatie/laravel-ignition[2.1.3].

Potential causes:
 - This package is not installable via Composer 1.x, see <https://blog.packagist.com/deprecating-composer-1-support/>
 - A typo in the package name
 - The package is not available in a stable-enough version according to your minimum-stability setting
   see <https://getcomposer.org/doc/04-schema.md#minimum-stability> for more details.
 - It's a private package and you forgot to add a custom repository to find it

Read <https://getcomposer.org/doc/articles/troubleshooting.md> for further common problems.
[u586962203@id-dci-web850 simulasipak]$ composer --version
Composer version 1.10.26 2022-04-13 16:39:56
[u586962203@id-dci-web850 simulasipak]$ cd
[u586962203@id-dci-web850 ~]$ ls
composer.phar  domains  public_html
[u586962203@id-dci-web850 ~]$ ./composer.phar self-update --2
You are already using the latest available Composer version 2.5.7 (2.x channel).
[u586962203@id-dci-web850 ~]$ composer --version
Composer version 1.10.26 2022-04-13 16:39:56
[u586962203@id-dci-web850 ~]$ cd domains/vokasihub.com/
[u586962203@id-dci-web850 vokasihub.com]$ cd simulasipak/
[u586962203@id-dci-web850 simulasipak]$ ls
app      bootstrap     composer.json  config    package.json       php          public     resources  storage  vite.config.js
artisan  CHANGELOG.md  composer.lock  database  package-lock.json  phpunit.xml  README.md  routes     tests
[u586962203@id-dci-web850 simulasipak]$ mv
mv: missing file operand
Try 'mv --help' for more information.
[u586962203@id-dci-web850 simulasipak]$ cd 
[u586962203@id-dci-web850 ~]$ mv ./composer.phar ./domains/vokasihub.com/simulasipak/
[u586962203@id-dci-web850 ~]$ ls
domains  public_html
[u586962203@id-dci-web850 ~]$ cd domains/vokasihub.com/simulasipak/
[u586962203@id-dci-web850 simulasipak]$ ./composer.phar install
Installing dependencies from lock file (including require-dev)
Verifying lock file contents can be installed on current platform.
Package operations: 110 installs, 0 updates, 0 removals
  - Downloading doctrine/inflector (2.0.6)
  - Downloading doctrine/lexer (3.0.0)
  - Downloading symfony/polyfill-ctype (v1.27.0)
  - Downloading webmozart/assert (1.11.0)
  - Downloading dragonmantank/cron-expression (v3.3.2)
  - Downloading symfony/deprecation-contracts (v3.3.0)
  - Downloading psr/container (2.0.2)
  - Downloading fakerphp/faker (v1.22.0)
  - Downloading symfony/polyfill-php80 (v1.27.0)
  - Downloading symfony/polyfill-php83 (v1.27.0)
  - Downloading symfony/polyfill-mbstring (v1.27.0)
  - Downloading symfony/http-foundation (v6.3.0)
  - Downloading fruitcake/php-cors (v1.2.0)
  - Downloading psr/http-message (2.0)
  - Downloading psr/http-client (1.0.2)
  - Downloading ralouphie/getallheaders (3.0.3)
  - Downloading psr/http-factory (1.0.2)
  - Downloading guzzlehttp/psr7 (2.5.0)
  - Downloading guzzlehttp/promises (2.0.0)
  - Downloading guzzlehttp/guzzle (7.7.0)
  - Downloading guzzlehttp/uri-template (v1.0.1)
  - Downloading laravel/pint (v1.10.0)
  - Downloading symfony/yaml (v6.3.0)
  - Downloading voku/portable-ascii (2.0.1)
  - Downloading phpoption/phpoption (1.9.1)
  - Downloading graham-campbell/result-type (v1.1.1)
  - Downloading vlucas/phpdotenv (v5.5.0)
  - Downloading symfony/css-selector (v6.3.0)
  - Downloading tijsverkoyen/css-to-inline-styles (2.2.6)
  - Downloading symfony/var-dumper (v6.3.0)
  - Downloading symfony/polyfill-uuid (v1.27.0)
  - Downloading symfony/uid (v6.3.0)
  - Downloading symfony/routing (v6.3.0)
  - Downloading symfony/process (v6.3.0)
  - Downloading symfony/polyfill-php72 (v1.27.0)
  - Downloading symfony/polyfill-intl-normalizer (v1.27.0)
  - Downloading symfony/polyfill-intl-idn (v1.27.0)
  - Downloading symfony/mime (v6.3.0)
  - Downloading symfony/service-contracts (v3.3.0)
  - Downloading psr/event-dispatcher (1.0.0)
  - Downloading symfony/event-dispatcher-contracts (v3.3.0)
  - Downloading symfony/event-dispatcher (v6.3.0)
  - Downloading psr/log (3.0.0)
  - Downloading egulias/email-validator (4.0.1)
  - Downloading symfony/mailer (v6.3.0)
  - Downloading symfony/error-handler (v6.3.0)
  - Downloading symfony/http-kernel (v6.3.0)
  - Downloading symfony/finder (v6.3.0)
  - Downloading symfony/polyfill-intl-grapheme (v1.27.0)
  - Downloading symfony/string (v6.3.0)
  - Downloading symfony/console (v6.3.0)
  - Downloading ramsey/collection (2.0.0)
  - Downloading brick/math (0.11.0)
  - Downloading ramsey/uuid (4.7.4)
  - Downloading psr/simple-cache (3.0.0)
  - Downloading nunomaduro/termwind (v1.15.1)
  - Downloading symfony/translation-contracts (v3.3.0)
  - Downloading symfony/translation (v6.3.0)
  - Downloading nesbot/carbon (2.67.0)
  - Downloading monolog/monolog (3.3.1)
  - Downloading league/mime-type-detection (1.11.0)
  - Downloading league/flysystem (3.15.1)
  - Downloading league/flysystem-local (3.15.0)
  - Downloading nette/utils (v4.0.0)
  - Downloading nette/schema (v1.2.3)
  - Downloading dflydev/dot-access-data (v3.0.2)
  - Downloading league/config (v1.2.0)
  - Downloading league/commonmark (2.4.0)
  - Downloading laravel/serializable-closure (v1.3.0)
  - Downloading laravel/framework (v10.13.1)
  - Downloading laravel/sail (v1.22.0)
  - Downloading laravel/sanctum (v3.2.5)
  - Downloading nikic/php-parser (v4.15.5)
  - Downloading psy/psysh (v0.11.18)
  - Downloading laravel/tinker (v2.8.1)
  - Downloading laravel/ui (v4.2.2)
  - Downloading livewire/livewire (v2.12.3)
  - Downloading hamcrest/hamcrest-php (v2.0.1)
  - Downloading mockery/mockery (1.5.1)
  - Downloading filp/whoops (2.15.2)
  - Downloading nunomaduro/collision (v7.5.2)
  - Downloading sebastian/version (4.0.1)
  - Downloading sebastian/type (4.0.0)
  - Downloading sebastian/recursion-context (5.0.0)
  - Downloading sebastian/object-reflector (3.0.0)
  - Downloading sebastian/object-enumerator (5.0.0)
  - Downloading sebastian/global-state (6.0.0)
  - Downloading sebastian/exporter (5.0.0)
  - Downloading sebastian/environment (6.0.1)
  - Downloading sebastian/diff (5.0.3)
  - Downloading sebastian/comparator (5.0.0)
  - Downloading sebastian/code-unit (2.0.0)
  - Downloading sebastian/cli-parser (2.0.0)
  - Downloading phpunit/php-timer (6.0.0)
  - Downloading phpunit/php-text-template (3.0.0)
  - Downloading phpunit/php-invoker (4.0.0)
  - Downloading phpunit/php-file-iterator (4.0.2)
  - Downloading theseer/tokenizer (1.2.1)
  - Downloading sebastian/lines-of-code (2.0.0)
  - Downloading sebastian/complexity (3.0.0)
  - Downloading sebastian/code-unit-reverse-lookup (3.0.0)
  - Downloading phpunit/php-code-coverage (10.1.2)
  - Downloading phar-io/version (3.2.1)
  - Downloading phar-io/manifest (2.0.3)
  - Downloading myclabs/deep-copy (1.11.1)
  - Downloading phpunit/phpunit (10.2.1)
  - Downloading spatie/backtrace (1.4.0)
  - Downloading spatie/flare-client-php (1.3.6)
  - Downloading spatie/ignition (1.8.0)
  - Downloading spatie/laravel-ignition (2.1.3)
  - Installing doctrine/inflector (2.0.6): Extracting archive
  - Installing doctrine/lexer (3.0.0): Extracting archive
  - Installing symfony/polyfill-ctype (v1.27.0): Extracting archive
  - Installing webmozart/assert (1.11.0): Extracting archive
  - Installing dragonmantank/cron-expression (v3.3.2): Extracting archive
  - Installing symfony/deprecation-contracts (v3.3.0): Extracting archive
  - Installing psr/container (2.0.2): Extracting archive
  - Installing fakerphp/faker (v1.22.0): Extracting archive
  - Installing symfony/polyfill-php80 (v1.27.0): Extracting archive
  - Installing symfony/polyfill-php83 (v1.27.0): Extracting archive
  - Installing symfony/polyfill-mbstring (v1.27.0): Extracting archive
  - Installing symfony/http-foundation (v6.3.0): Extracting archive
  - Installing fruitcake/php-cors (v1.2.0): Extracting archive
  - Installing psr/http-message (2.0): Extracting archive
  - Installing psr/http-client (1.0.2): Extracting archive
  - Installing ralouphie/getallheaders (3.0.3): Extracting archive
  - Installing psr/http-factory (1.0.2): Extracting archive
  - Installing guzzlehttp/psr7 (2.5.0): Extracting archive
  - Installing guzzlehttp/promises (2.0.0): Extracting archive
  - Installing guzzlehttp/guzzle (7.7.0): Extracting archive
  - Installing guzzlehttp/uri-template (v1.0.1): Extracting archive
  - Installing laravel/pint (v1.10.0): Extracting archive
  - Installing symfony/yaml (v6.3.0): Extracting archive
  - Installing voku/portable-ascii (2.0.1): Extracting archive
  - Installing phpoption/phpoption (1.9.1): Extracting archive
  - Installing graham-campbell/result-type (v1.1.1): Extracting archive
  - Installing vlucas/phpdotenv (v5.5.0): Extracting archive
  - Installing symfony/css-selector (v6.3.0): Extracting archive
  - Installing tijsverkoyen/css-to-inline-styles (2.2.6): Extracting archive
  - Installing symfony/var-dumper (v6.3.0): Extracting archive
  - Installing symfony/polyfill-uuid (v1.27.0): Extracting archive
  - Installing symfony/uid (v6.3.0): Extracting archive
  - Installing symfony/routing (v6.3.0): Extracting archive
  - Installing symfony/process (v6.3.0): Extracting archive
  - Installing symfony/polyfill-php72 (v1.27.0): Extracting archive
  - Installing symfony/polyfill-intl-normalizer (v1.27.0): Extracting archive
  - Installing symfony/polyfill-intl-idn (v1.27.0): Extracting archive
  - Installing symfony/mime (v6.3.0): Extracting archive
  - Installing symfony/service-contracts (v3.3.0): Extracting archive
  - Installing psr/event-dispatcher (1.0.0): Extracting archive
  - Installing symfony/event-dispatcher-contracts (v3.3.0): Extracting archive
  - Installing symfony/event-dispatcher (v6.3.0): Extracting archive
  - Installing psr/log (3.0.0): Extracting archive
  - Installing egulias/email-validator (4.0.1): Extracting archive
  - Installing symfony/mailer (v6.3.0): Extracting archive
  - Installing symfony/error-handler (v6.3.0): Extracting archive
  - Installing symfony/http-kernel (v6.3.0): Extracting archive
  - Installing symfony/finder (v6.3.0): Extracting archive
  - Installing symfony/polyfill-intl-grapheme (v1.27.0): Extracting archive
  - Installing symfony/string (v6.3.0): Extracting archive
  - Installing symfony/console (v6.3.0): Extracting archive
  - Installing ramsey/collection (2.0.0): Extracting archive
  - Installing brick/math (0.11.0): Extracting archive
  - Installing ramsey/uuid (4.7.4): Extracting archive
  - Installing psr/simple-cache (3.0.0): Extracting archive
  - Installing nunomaduro/termwind (v1.15.1): Extracting archive
  - Installing symfony/translation-contracts (v3.3.0): Extracting archive
  - Installing symfony/translation (v6.3.0): Extracting archive
  - Installing nesbot/carbon (2.67.0): Extracting archive
  - Installing monolog/monolog (3.3.1): Extracting archive
  - Installing league/mime-type-detection (1.11.0): Extracting archive
  - Installing league/flysystem (3.15.1): Extracting archive
  - Installing league/flysystem-local (3.15.0): Extracting archive
  - Installing nette/utils (v4.0.0): Extracting archive
  - Installing nette/schema (v1.2.3): Extracting archive
  - Installing dflydev/dot-access-data (v3.0.2): Extracting archive
  - Installing league/config (v1.2.0): Extracting archive
  - Installing league/commonmark (2.4.0): Extracting archive
  - Installing laravel/serializable-closure (v1.3.0): Extracting archive
  - Installing laravel/framework (v10.13.1): Extracting archive
  - Installing laravel/sail (v1.22.0): Extracting archive
  - Installing laravel/sanctum (v3.2.5): Extracting archive
  - Installing nikic/php-parser (v4.15.5): Extracting archive
  - Installing psy/psysh (v0.11.18): Extracting archive
  - Installing laravel/tinker (v2.8.1): Extracting archive
  - Installing laravel/ui (v4.2.2): Extracting archive
  - Installing livewire/livewire (v2.12.3): Extracting archive
  - Installing hamcrest/hamcrest-php (v2.0.1): Extracting archive
  - Installing mockery/mockery (1.5.1): Extracting archive
  - Installing filp/whoops (2.15.2): Extracting archive
  - Installing nunomaduro/collision (v7.5.2): Extracting archive
  - Installing sebastian/version (4.0.1): Extracting archive
  - Installing sebastian/type (4.0.0): Extracting archive
  - Installing sebastian/recursion-context (5.0.0): Extracting archive
  - Installing sebastian/object-reflector (3.0.0): Extracting archive
  - Installing sebastian/object-enumerator (5.0.0): Extracting archive
  - Installing sebastian/global-state (6.0.0): Extracting archive
  - Installing sebastian/exporter (5.0.0): Extracting archive
  - Installing sebastian/environment (6.0.1): Extracting archive
  - Installing sebastian/diff (5.0.3): Extracting archive
  - Installing sebastian/comparator (5.0.0): Extracting archive
  - Installing sebastian/code-unit (2.0.0): Extracting archive
  - Installing sebastian/cli-parser (2.0.0): Extracting archive
  - Installing phpunit/php-timer (6.0.0): Extracting archive
  - Installing phpunit/php-text-template (3.0.0): Extracting archive
  - Installing phpunit/php-invoker (4.0.0): Extracting archive
  - Installing phpunit/php-file-iterator (4.0.2): Extracting archive
  - Installing theseer/tokenizer (1.2.1): Extracting archive
  - Installing sebastian/lines-of-code (2.0.0): Extracting archive
  - Installing sebastian/complexity (3.0.0): Extracting archive
  - Installing sebastian/code-unit-reverse-lookup (3.0.0): Extracting archive
  - Installing phpunit/php-code-coverage (10.1.2): Extracting archive
  - Installing phar-io/version (3.2.1): Extracting archive
  - Installing phar-io/manifest (2.0.3): Extracting archive
  - Installing myclabs/deep-copy (1.11.1): Extracting archive
  - Installing phpunit/phpunit (10.2.1): Extracting archive
  - Installing spatie/backtrace (1.4.0): Extracting archive
  - Installing spatie/flare-client-php (1.3.6): Extracting archive
  - Installing spatie/ignition (1.8.0): Extracting archive
  - Installing spatie/laravel-ignition (2.1.3): Extracting archive
Generating optimized autoload files
> Illuminate\Foundation\ComposerScripts::postAutoloadDump
> @php artisan package:discover --ansi

   INFO  Discovering packages.  

  laravel/sail ................................................................................................................................ DONE
  laravel/sanctum ............................................................................................................................. DONE
  laravel/tinker .............................................................................................................................. DONE
  laravel/ui .................................................................................................................................. DONE
  livewire/livewire ........................................................................................................................... DONE
  nesbot/carbon ............................................................................................................................... DONE
  nunomaduro/collision ........................................................................................................................ DONE
  nunomaduro/termwind ......................................................................................................................... DONE
  spatie/laravel-ignition ..................................................................................................................... DONE

83 packages you are using are looking for funding.
Use the `composer fund` command to find out more!
[u586962203@id-dci-web850 simulasipak]$ pwd
/home/u586962203/domains/vokasihub.com/simulasipak
[u586962203@id-dci-web850 simulasipak]$ ^C
[u586962203@id-dci-web850 simulasipak]$ ls
app      bootstrap     composer.json  composer.phar  database      package-lock.json  phpunit.xml  README.md  routes   tests   vite.config.js
artisan  CHANGELOG.md  composer.lock  config         package.json  php                public       resources  storage  vendor
[u586962203@id-dci-web850 simulasipak]$ pwd
/home/u586962203/domains/vokasihub.com/simulasipak
[u586962203@id-dci-web850 simulasipak]$ cd ..
[u586962203@id-dci-web850 vokasihub.com]$ ls
public_html  simulasipak
[u586962203@id-dci-web850 vokasihub.com]$ pwd
/home/u586962203/domains/vokasihub.com
[u586962203@id-dci-web850 vokasihub.com]$ ln -s /home/u586962203/domains/vokasihub.com/simulasipak/public /home/u586962203/domains/vokasihub.com/public_html/simulasipak
[u586962203@id-dci-web850 vokasihub.com]$ ls
public_html  simulasipak
[u586962203@id-dci-web850 vokasihub.com]$ cd public_html/
[u586962203@id-dci-web850 public_html]$ ls
index.html  pak-it-del  simulasipak  simulasipak-itdel
[u586962203@id-dci-web850 public_html]$ cd ..
[u586962203@id-dci-web850 vokasihub.com]$ ls
public_html  simulasipak
[u586962203@id-dci-web850 vokasihub.com]$ cd simulasipak/
[u586962203@id-dci-web850 simulasipak]$ ls
app      bootstrap     composer.json  composer.phar  database      package-lock.json  phpunit.xml  README.md  routes   tests   vite.config.js
artisan  CHANGELOG.md  composer.lock  config         package.json  php                public       resources  storage  vendor
[u586962203@id-dci-web850 simulasipak]$ php artisan key:generate

   INFO  Application key set successfully.  

[u586962203@id-dci-web850 simulasipak]$ nano .env
[u586962203@id-dci-web850 simulasipak]$ ls
app      bootstrap     composer.json  composer.phar  database      package-lock.json  phpunit.xml  README.md  routes   tests   vite.config.js
artisan  CHANGELOG.md  composer.lock  config         package.json  php                public       resources  storage  vendor
[u586962203@id-dci-web850 simulasipak]$ cd ..
[u586962203@id-dci-web850 vokasihub.com]$ ls
public_html  simulasipak
[u586962203@id-dci-web850 vokasihub.com]$ cd public_html/
[u586962203@id-dci-web850 public_html]$ ls
index.html  pak-it-del  simulasipak  simulasipak-itdel
[u586962203@id-dci-web850 public_html]$ cd ..
[u586962203@id-dci-web850 vokasihub.com]$ ls
public_html  simulasipak
[u586962203@id-dci-web850 vokasihub.com]$ cd ..
[u586962203@id-dci-web850 domains]$ ls
vokasihub.com
[u586962203@id-dci-web850 domains]$ cd vokasihub.com/
[u586962203@id-dci-web850 vokasihub.com]$ ls
public_html  simulasipak
[u586962203@id-dci-web850 vokasihub.com]$ cd public_html/
[u586962203@id-dci-web850 public_html]$ ls
index.html  pak-it-del  simulasipak  simulasipak-itdel
[u586962203@id-dci-web850 public_html]$ nano index.html 
[u586962203@id-dci-web850 public_html]$ rm -rf index.html 
[u586962203@id-dci-web850 public_html]$ ls
pak-it-del  simulasipak  simulasipak-itdel
[u586962203@id-dci-web850 public_html]$ cat index.php
cat: index.php: No such file or directory
[u586962203@id-dci-web850 public_html]$ nano index.php
[u586962203@id-dci-web850 public_html]$ ls
index.php  pak-it-del  simulasipak  simulasipak-itdel
[u586962203@id-dci-web850 public_html]$ cd simulasipak
[u586962203@id-dci-web850 simulasipak]$ ls
public  test.html
[u586962203@id-dci-web850 simulasipak]$ cat test.html 
<html>
    <head>
        
    </head>
    <body>
        <p>est</p>
    </body>
</html>[u586962203@id-dci-web850 simulasipak]$ cd public/
[u586962203@id-dci-web850 public]$ ls
admin  aset_web  bukti_unsur_penunjang  bukti_unsur_utama  css  favicon.ico  file  font  index.php  lampiran  pelaksanaanpendidikan  profill  robots.txt
[u586962203@id-dci-web850 public]$ cd ..
[u586962203@id-dci-web850 simulasipak]$ ls
public  test.html
[u586962203@id-dci-web850 simulasipak]$ rm -rf public/
[u586962203@id-dci-web850 simulasipak]$ ls
public  test.html
[u586962203@id-dci-web850 simulasipak]$ rm -rf public/
[u586962203@id-dci-web850 simulasipak]$ ls
public  test.html
[u586962203@id-dci-web850 simulasipak]$ cd public/
[u586962203@id-dci-web850 public]$ ls
[u586962203@id-dci-web850 public]$ cd ..
[u586962203@id-dci-web850 simulasipak]$ rm -rf test.html 
[u586962203@id-dci-web850 simulasipak]$ ls
public
[u586962203@id-dci-web850 simulasipak]$ rm -rd public/
rm: cannot remove 'public/': Not a directory
[u586962203@id-dci-web850 simulasipak]$ rm public/
rm: cannot remove 'public/': Is a directory
[u586962203@id-dci-web850 simulasipak]$ ls
public
[u586962203@id-dci-web850 simulasipak]$ rm -r public/
rm: cannot remove 'public/': Not a directory
[u586962203@id-dci-web850 simulasipak]$ cd ..
[u586962203@id-dci-web850 public_html]$ ls
index.php  pak-it-del  simulasipak  simulasipak-itdel
[u586962203@id-dci-web850 public_html]$ cd simulasipak-itdel
[u586962203@id-dci-web850 simulasipak-itdel]$ ls
default.php  simulasipak
[u586962203@id-dci-web850 simulasipak-itdel]$ cd ..
[u586962203@id-dci-web850 public_html]$ cd pak-it-del/
[u586962203@id-dci-web850 pak-it-del]$ ls
default.php
[u586962203@id-dci-web850 pak-it-del]$ cd ..
[u586962203@id-dci-web850 public_html]$ cd simulasipak
[u586962203@id-dci-web850 simulasipak]$ ls
public
[u586962203@id-dci-web850 simulasipak]$ cd 
[u586962203@id-dci-web850 ~]$ cd sim
-bash: cd: sim: No such file or directory
[u586962203@id-dci-web850 ~]$ ls
domains  public_html
[u586962203@id-dci-web850 ~]$ cd domains/
[u586962203@id-dci-web850 domains]$ ls
vokasihub.com
[u586962203@id-dci-web850 domains]$ cd vokasihub.com/
[u586962203@id-dci-web850 vokasihub.com]$ cd simulasipak/
[u586962203@id-dci-web850 simulasipak]$ ls
app      bootstrap     composer.json  composer.phar  database      package-lock.json  phpunit.xml  README.md  routes   tests   vite.config.js
artisan  CHANGELOG.md  composer.lock  config         package.json  php                public       resources  storage  vendor
[u586962203@id-dci-web850 simulasipak]$ cd ..
[u586962203@id-dci-web850 vokasihub.com]$ cd public_html/
[u586962203@id-dci-web850 public_html]$ ls
index.php  pak-it-del  simulasipak  simulasipak-itdel
[u586962203@id-dci-web850 public_html]$ cd simulasipak
[u586962203@id-dci-web850 simulasipak]$ ls
[u586962203@id-dci-web850 simulasipak]$ cd ..
[u586962203@id-dci-web850 public_html]$ ls
index.php  pak-it-del  simulasipak  simulasipak-itdel
[u586962203@id-dci-web850 public_html]$ cd ..
[u586962203@id-dci-web850 vokasihub.com]$ ls
public_html  simulasipak
[u586962203@id-dci-web850 vokasihub.com]$ pwd
/home/u586962203/domains/vokasihub.com
[u586962203@id-dci-web850 vokasihub.com]$ ln -s /home/u586962203/domains/vokasihub.com/simulasipak/public /home/u586962203/domains/vokasihub.com/public_html/simulasipak
[u586962203@id-dci-web850 vokasihub.com]$ ls
public_html  simulasipak
[u586962203@id-dci-web850 vokasihub.com]$ cd public_html/
[u586962203@id-dci-web850 public_html]$ ls
index.php  pak-it-del  simulasipak  simulasipak-itdel
[u586962203@id-dci-web850 public_html]$ cd simulasipak
[u586962203@id-dci-web850 simulasipak]$ ls
public
[u586962203@id-dci-web850 simulasipak]$ ln -s /home/u586962203/domains/vokasihub.com/simulasipak /home/u586962203/domains/vokasihub.com/public_html/simulasipak
[u586962203@id-dci-web850 simulasipak]$ ls
simulasipak
[u586962203@id-dci-web850 simulasipak]$ ls
[u586962203@id-dci-web850 simulasipak]$ cd ..
[u586962203@id-dci-web850 public_html]$ ls
index.php  pak-it-del  simulasipak  simulasipak-itdel
[u586962203@id-dci-web850 public_html]$ cd ..
[u586962203@id-dci-web850 vokasihub.com]$ ls
public_html  simulasipak
[u586962203@id-dci-web850 vokasihub.com]$ cd simulasipak/
[u586962203@id-dci-web850 simulasipak]$ ls
app      bootstrap     composer.json  composer.phar  database      package-lock.json  phpunit.xml  README.md  routes   tests   vite.config.js
artisan  CHANGELOG.md  composer.lock  config         package.json  php                public       resources  storage  vendor
[u586962203@id-dci-web850 simulasipak]$ cd public/
[u586962203@id-dci-web850 public]$ ls
[u586962203@id-dci-web850 public]$ ls
[u586962203@id-dci-web850 public]$ cd ..
[u586962203@id-dci-web850 simulasipak]$ ls
app      bootstrap     composer.json  composer.phar  database      package-lock.json  phpunit.xml  README.md  routes   tests   vite.config.js
artisan  CHANGELOG.md  composer.lock  config         package.json  php                public       resources  storage  vendor
[u586962203@id-dci-web850 simulasipak]$ git pull origin main
From https://github.com/Abram922/simulasipak
 * branch            main       -> FETCH_HEAD
Already up to date.
[u586962203@id-dci-web850 simulasipak]$ cd public/
[u586962203@id-dci-web850 public]$ ls
[u586962203@id-dci-web850 public]$ ls -a
.  ..
[u586962203@id-dci-web850 public]$ ln -s /home/u586962203/domains/vokasihub.com/simulasipak/public/. /home/u586962203/domains/vokasihub.com/public_html/simulasipak
ln: failed to create symbolic link '/home/u586962203/domains/vokasihub.com/public_html/simulasipak/.': File exists
[u586962203@id-dci-web850 public]$ ln -s /home/u586962203/domains/vokasihub.com/simulasipak/public/ /home/u586962203/domains/vokasihub.com/public_html/simulasipak
[u586962203@id-dci-web850 public]$ ln -s /home/u586962203/domains/vokasihub.com/simulasipak/public /home/u586962203/domains/vokasihub.com/public_html/simulasipak
[u586962203@id-dci-web850 public]$ ln -s /home/u586962203/domains/vokasihub.com/simulasipak/public/* /home/u586962203/domains/vokasihub.com/public_html/simulasipak
[u586962203@id-dci-web850 public]$ 
Session was closed

   HHHH               HHHH
   HHHHHHHH           HHHHHHHH
   HHHHHHHH           HHHHHHHH
   HHHHHHHH           HHHHHHHH
   HHHHHHHHHHHHHHHHHHHH  HHHHH
   HHHHHHHHHHHHHHHHHHHHHHHHH
     HHHHHHHHHHHHHHHHHHHHHHHHH
   HHHH  HHHHHHHHHHHHHHHHHHHHH
   HHHHHHHH           HHHHHHHH
   HHHHHHHH           HHHHHHHH
   HHHHHHHH           HHHHHHHH
       HHHH               HHHH

Welcome back! The time now is 06:27 UTC
Server load: 9.74, 9.06, 8.78

Link to hPanel: 
https://hpanel.hostinger.com/ 

[u586962203@id-dci-web850 ~]$ ^C
[u586962203@id-dci-web850 ~]$ 